// Jest Snapshot v1, https://goo.gl/fbAQLP

exports[`Hero renders correctly 1`] = `
<LazyHero
  color="#000"
  imageSrc="test-file-stub"
  isCentered={true}
  isFixed={false}
  minHeight="70vh"
  opacity={0.6}
  parallaxOffset={0}
  transitionDuration={600}
  transitionTimingFunction="ease-in-out"
>
  <styled.div>
    <styled.h1
      data-cy="title"
    >
      John Doe
    </styled.h1>
    <styled.h2
      data-cy="subtitle"
    >
      Lorem Ipsum
    </styled.h2>
  </styled.div>
  <styled.div>
    <ContextProvider
      value={
        Object {
          "color": "white",
          "size": "1.50em",
        }
      }
    >
      <styled.a
        data-cy="email-link"
        href="mailto:john.doe@mail.com"
        target="_blank"
      >
        <FaEnvelope />
      </styled.a>
      <styled.a
        data-cy="github-link"
        href="https://github.com"
        target="_blank"
      >
        <FaGithub />
      </styled.a>
      <styled.a
        data-cy="linkedin-link"
        href="https://linkedin.com"
        target="_blank"
      >
        <FaLinkedin />
      </styled.a>
    </ContextProvider>
  </styled.div>
</LazyHero>
`;
