// Jest Snapshot v1, https://goo.gl/fbAQLP

exports[`Layout renders correctly 1`] = `
<Fragment>
  <SEO
    title="John Doe"
  />
  <GlobalStyleComponent />
</Fragment>
`;
