// Jest Snapshot v1, https://goo.gl/fbAQLP

exports[`Main Heading renders correctly 1`] = `
<styled.div>
  <styled.h1
    data-cy="title"
  >
    Akil Darjean
  </styled.h1>
  <styled.h2
    data-cy="subtitle"
  >
    Software Developer
  </styled.h2>
</styled.div>
`;
